=== rtsp_yolo_stream 性能日志 ===
输入: rtsp://192.168.144.25:8554/main.264
模型: /home/orangepi/yoloPart/yolo26n_int8.rknn
输出: rtsp://127.0.0.1:8554/detect (编码器 h264_rkmpp)
启动时间: T+0s

[重连] 失败: RTSP 写头失败(推流地址不可达?): Connection refused
[重连] 3 秒后重连输入流 rtsp://192.168.144.25:8554/main.264 ...
[重连] 失败: RTSP 写头失败(推流地址不可达?): Connection refused
[重连] 3 秒后重连输入流 rtsp://192.168.144.25:8554/main.264 ...
[重连] 失败: RTSP 写头失败(推流地址不可达?): Connection refused
[重连] 3 秒后重连输入流 rtsp://192.168.144.25:8554/main.264 ...
[重连] 失败: RTSP 写头失败(推流地址不可达?): Connection refused
[重连] 3 秒后重连输入流 rtsp://192.168.144.25:8554/main.264 ...
[重连] 输入/输出链路已重建
[性能 T+22s] 已处理 100 帧 | 解码 24.0ms | 推理 52.8ms | 绘制 0.0ms | 编码 21.9ms | 合计 98.7ms
[重连] 推流失败，准备重连
[重连] 3 秒后重建推流链路 ...
[重连] 推流链路已重建
[重连] 输入流读取失败，准备重连
[重连] 3 秒后重连输入流 rtsp://192.168.144.25:8554/main.264 ...
[重连] 输入/输出链路已重建


=== 运行总结 ===
运行时间: 58 秒
处理帧数: 170
平均帧率: 2.9 fps

--- 各阶段耗时 ---
  阶段       平均(ms) 最大(ms) 最小(ms) 总耗时(ms)
  ----------     --------   --------   --------   ----------
  解码            88.46   10460.50       1.97     15126.74
  推理            53.68     110.66      41.54      9179.16
  绘制             0.00       0.00       0.00         0.10
  编码推流      22.68      73.40       9.34      3855.13
  总帧耗时     103.47    2177.07      60.42     17590.43

--- 重连记录 ---
  输入重连: 1 次 (首次 T+52s, 末次 T+52s)
  输出重连: 1 次 (首次 T+38s, 末次 T+38s)
  看门狗触发: 2 次
==============================
